// Jest Snapshot v1, https://goo.gl/fbAQLP

exports[`Creates a table of n emails 1`] = `
<table
  className="table is-striped email-table"
>
  <thead
    className="email-table__header"
  >
    <tr>
      <th>
        Select
      </th>
      <th>
        Title
      </th>
      <th>
        Author
      </th>
      <th>
        Template
      </th>
      <th>
        Category
      </th>
      <th>
        Created
      </th>
      <th>
        Updated
      </th>
    </tr>
  </thead>
  <tbody>
    <tr
      className="email-table__row"
    >
      <td
        className="email-table__row__select"
      >
        <input
          className="checkbox"
          id="checkbox-1"
          onChange={[Function]}
          type="checkbox"
          value={1}
        />
      </td>
      <td
        className="email-table__row__title"
      >
        <a
          onClick={[Function]}
          style={Object {}}
        />
      </td>
      <td
        className="email-table__row__author"
      />
      <td
        className="email-table__row__template"
      />
      <td
        className="email-table__row__category"
      />
      <td
        className="email-table__row__created-date"
      >
        2017-06-20 11:20 AM
      </td>
      <td
        className="email-table__row__updated-date"
      >
        2017-06-20 11:20 AM
      </td>
    </tr>
    <tr
      className="email-table__row"
    >
      <td
        className="email-table__row__select"
      >
        <input
          className="checkbox"
          id="checkbox-2"
          onChange={[Function]}
          type="checkbox"
          value={2}
        />
      </td>
      <td
        className="email-table__row__title"
      >
        <a
          onClick={[Function]}
          style={Object {}}
        />
      </td>
      <td
        className="email-table__row__author"
      />
      <td
        className="email-table__row__template"
      />
      <td
        className="email-table__row__category"
      />
      <td
        className="email-table__row__created-date"
      >
        2017-06-20 11:20 AM
      </td>
      <td
        className="email-table__row__updated-date"
      >
        2017-06-20 11:20 AM
      </td>
    </tr>
    <tr
      className="email-table__row"
    >
      <td
        className="email-table__row__select"
      >
        <input
          className="checkbox"
          id="checkbox-3"
          onChange={[Function]}
          type="checkbox"
          value={3}
        />
      </td>
      <td
        className="email-table__row__title"
      >
        <a
          onClick={[Function]}
          style={Object {}}
        />
      </td>
      <td
        className="email-table__row__author"
      />
      <td
        className="email-table__row__template"
      />
      <td
        className="email-table__row__category"
      />
      <td
        className="email-table__row__created-date"
      >
        2017-06-20 11:20 AM
      </td>
      <td
        className="email-table__row__updated-date"
      >
        2017-06-20 11:20 AM
      </td>
    </tr>
    <tr
      className="email-table__row"
    >
      <td
        className="email-table__row__select"
      >
        <input
          className="checkbox"
          id="checkbox-4"
          onChange={[Function]}
          type="checkbox"
          value={4}
        />
      </td>
      <td
        className="email-table__row__title"
      >
        <a
          onClick={[Function]}
          style={Object {}}
        />
      </td>
      <td
        className="email-table__row__author"
      />
      <td
        className="email-table__row__template"
      />
      <td
        className="email-table__row__category"
      />
      <td
        className="email-table__row__created-date"
      >
        2017-06-20 11:20 AM
      </td>
      <td
        className="email-table__row__updated-date"
      >
        2017-06-20 11:20 AM
      </td>
    </tr>
  </tbody>
</table>
`;
